// Jest Snapshot v1, https://goo.gl/fbAQLP

exports[`Footer should match the snapshot 1`] = `
<footer
  className="footer"
>
  <h5>
    Â© News Wire 2019
  </h5>
</footer>
`;
