// Jest Snapshot v1, https://goo.gl/fbAQLP

exports[`Nav should match the snapshot 1`] = `
<header
  className="Nav-header"
>
  <input
    className="toggle"
    id="menu"
    onClick={[Function]}
    type="checkbox"
  />
  <label
    htmlFor="menu"
  >
    <div
      className="bar top"
    />
    <div
      className="bar middle"
    />
    <div
      className="bar bottom"
    />
  </label>
</header>
`;
