// Jest Snapshot v1, https://goo.gl/fbAQLP

exports[`Error should match the snapshot 1`] = `
<section>
  <h3
    className="Error-title"
  >
    Error 404 Page Not Found
  </h3>
  <img
    alt="Page Not Found"
    className="error"
    src="rottweiler-404.jpg"
  />
</section>
`;
