// Jest Snapshot v1, https://goo.gl/fbAQLP

exports[`Main should match the snapshot 1`] = `
<div
  className=""
>
  <div
    className="Main-header"
  >
    <Link
      className="news-title"
      to="/Options"
    >
      <h1
        className="Main-title"
      >
        News Wire
      </h1>
    </Link>
    <Nav />
  </div>
  <Connect(BooksContainer) />
  <Connect(TravelContainer) />
  <Connect(SportContainer) />
  <Connect(TopNewsContainer) />
</div>
`;
