// Jest Snapshot v1, https://goo.gl/fbAQLP

exports[`Option should match the snapshot 1`] = `undefined`;
